../Core/Src/main.c:97:6:Motor_Adelante	24	static
../Core/Src/main.c:108:6:Motor_Atras	24	static
../Core/Src/main.c:119:6:Motor_Izquierda	24	static
../Core/Src/main.c:130:6:Motor_Derecha	24	static
../Core/Src/main.c:141:6:Motor_Stop	8	static
../Core/Src/main.c:156:5:main	8	static
../Core/Src/main.c:221:6:SystemClock_Config	88	static
../Core/Src/main.c:268:13:MX_ADC1_Init	24	static
../Core/Src/main.c:323:13:MX_I2C1_Init	8	static
../Core/Src/main.c:357:13:MX_TIM1_Init	32	static
../Core/Src/main.c:403:13:MX_TIM2_Init	64	static
../Core/Src/main.c:470:13:MX_TIM3_Init	64	static
../Core/Src/main.c:533:13:MX_TIM4_Init	64	static
../Core/Src/main.c:597:13:MX_USART1_UART_Init	8	static
../Core/Src/main.c:630:13:MX_USART2_UART_Init	8	static
../Core/Src/main.c:663:13:MX_GPIO_Init	40	static
../Core/Src/main.c:733:6:Error_Handler	4	static,ignoring_inline_asm
