../Core/Src/main.c:99:6:Motor_Adelante	24	static
../Core/Src/main.c:110:6:Motor_Atras	24	static
../Core/Src/main.c:121:6:Motor_Izquierda	24	static
../Core/Src/main.c:132:6:Motor_Derecha	24	static
../Core/Src/main.c:143:6:Motor_Stop	8	static
../Core/Src/main.c:153:6:Servo_SetAngulo	24	static
../Core/Src/main.c:160:10:Ultrasonido_GetDistancia	16	static
../Core/Src/main.c:194:5:main	8	static
../Core/Src/main.c:261:6:SystemClock_Config	88	static
../Core/Src/main.c:308:13:MX_ADC1_Init	24	static
../Core/Src/main.c:363:13:MX_I2C1_Init	8	static
../Core/Src/main.c:397:13:MX_TIM1_Init	32	static
../Core/Src/main.c:443:13:MX_TIM2_Init	64	static
../Core/Src/main.c:510:13:MX_TIM3_Init	64	static
../Core/Src/main.c:573:13:MX_TIM4_Init	64	static
../Core/Src/main.c:637:13:MX_USART1_UART_Init	8	static
../Core/Src/main.c:670:13:MX_USART2_UART_Init	8	static
../Core/Src/main.c:703:13:MX_GPIO_Init	40	static
../Core/Src/main.c:773:6:Error_Handler	4	static,ignoring_inline_asm
