../Core/Src/main.c:99:6:Motor_Adelante	1
../Core/Src/main.c:110:6:Motor_Atras	1
../Core/Src/main.c:121:6:Motor_Izquierda	1
../Core/Src/main.c:132:6:Motor_Derecha	1
../Core/Src/main.c:143:6:Motor_Stop	1
../Core/Src/main.c:153:6:Servo_SetAngulo	2
../Core/Src/main.c:160:10:Ultrasonido_GetDistancia	7
../Core/Src/main.c:194:5:main	2
../Core/Src/main.c:261:6:SystemClock_Config	4
../Core/Src/main.c:308:13:MX_ADC1_Init	4
../Core/Src/main.c:363:13:MX_I2C1_Init	2
../Core/Src/main.c:397:13:MX_TIM1_Init	4
../Core/Src/main.c:443:13:MX_TIM2_Init	8
../Core/Src/main.c:510:13:MX_TIM3_Init	7
../Core/Src/main.c:573:13:MX_TIM4_Init	7
../Core/Src/main.c:637:13:MX_USART1_UART_Init	2
../Core/Src/main.c:670:13:MX_USART2_UART_Init	2
../Core/Src/main.c:703:13:MX_GPIO_Init	1
../Core/Src/main.c:773:6:Error_Handler	1
