../Core/Src/main.c:110:6:Motor_Adelante	1
../Core/Src/main.c:121:6:Motor_Atras	1
../Core/Src/main.c:132:6:Motor_Izquierda	1
../Core/Src/main.c:143:6:Motor_Derecha	1
../Core/Src/main.c:154:6:Motor_Stop	1
../Core/Src/main.c:164:6:Servo_SetAngulo	2
../Core/Src/main.c:171:10:Ultrasonido_GetDistancia	7
../Core/Src/main.c:200:6:ADC_LeerSensores	3
../Core/Src/main.c:214:9:IR_BordeDetectado	3
../Core/Src/main.c:223:6:BT_ProcesarComando	7
../Core/Src/main.c:255:6:LED_Set	1
../Core/Src/main.c:262:6:HAL_GPIO_EXTI_Callback	2
../Core/Src/main.c:275:5:main	6
../Core/Src/main.c:380:6:SystemClock_Config	4
../Core/Src/main.c:427:13:MX_ADC1_Init	4
../Core/Src/main.c:482:13:MX_I2C1_Init	2
../Core/Src/main.c:516:13:MX_TIM1_Init	4
../Core/Src/main.c:562:13:MX_TIM2_Init	8
../Core/Src/main.c:629:13:MX_TIM3_Init	7
../Core/Src/main.c:692:13:MX_TIM4_Init	7
../Core/Src/main.c:756:13:MX_USART1_UART_Init	2
../Core/Src/main.c:789:13:MX_USART2_UART_Init	2
../Core/Src/main.c:822:13:MX_GPIO_Init	1
../Core/Src/main.c:892:6:Error_Handler	1
