../Core/Src/main.c:113:6:Motor_Adelante	24	static
../Core/Src/main.c:124:6:Motor_Atras	24	static
../Core/Src/main.c:135:6:Motor_Izquierda	24	static
../Core/Src/main.c:146:6:Motor_Derecha	24	static
../Core/Src/main.c:157:6:Motor_Stop	8	static
../Core/Src/main.c:167:6:Servo_SetAngulo	24	static
../Core/Src/main.c:174:10:Ultrasonido_GetDistancia	16	static
../Core/Src/main.c:203:6:ADC_LeerSensores	8	static
../Core/Src/main.c:217:9:IR_BordeDetectado	4	static
../Core/Src/main.c:226:6:BT_ProcesarComando	16	static
../Core/Src/main.c:258:6:LED_Set	16	static
../Core/Src/main.c:265:6:Debug_Print	16	static
../Core/Src/main.c:270:6:HAL_GPIO_EXTI_Callback	16	static
../Core/Src/main.c:283:5:main	16	static
../Core/Src/main.c:396:6:SystemClock_Config	88	static
../Core/Src/main.c:443:13:MX_ADC1_Init	24	static
../Core/Src/main.c:498:13:MX_I2C1_Init	8	static
../Core/Src/main.c:532:13:MX_TIM1_Init	32	static
../Core/Src/main.c:578:13:MX_TIM2_Init	64	static
../Core/Src/main.c:645:13:MX_TIM3_Init	64	static
../Core/Src/main.c:708:13:MX_TIM4_Init	64	static
../Core/Src/main.c:772:13:MX_USART1_UART_Init	8	static
../Core/Src/main.c:805:13:MX_USART2_UART_Init	8	static
../Core/Src/main.c:838:13:MX_GPIO_Init	40	static
../Core/Src/main.c:908:6:Error_Handler	4	static,ignoring_inline_asm
