../Core/Src/main.c:103:6:Motor_Adelante	1
../Core/Src/main.c:114:6:Motor_Atras	1
../Core/Src/main.c:125:6:Motor_Izquierda	1
../Core/Src/main.c:136:6:Motor_Derecha	1
../Core/Src/main.c:147:6:Motor_Stop	1
../Core/Src/main.c:157:6:Servo_SetAngulo	2
../Core/Src/main.c:164:10:Ultrasonido_GetDistancia	7
../Core/Src/main.c:193:6:ADC_LeerSensores	3
../Core/Src/main.c:207:9:IR_BordeDetectado	3
../Core/Src/main.c:221:5:main	3
../Core/Src/main.c:297:6:SystemClock_Config	4
../Core/Src/main.c:344:13:MX_ADC1_Init	4
../Core/Src/main.c:399:13:MX_I2C1_Init	2
../Core/Src/main.c:433:13:MX_TIM1_Init	4
../Core/Src/main.c:479:13:MX_TIM2_Init	8
../Core/Src/main.c:546:13:MX_TIM3_Init	7
../Core/Src/main.c:609:13:MX_TIM4_Init	7
../Core/Src/main.c:673:13:MX_USART1_UART_Init	2
../Core/Src/main.c:706:13:MX_USART2_UART_Init	2
../Core/Src/main.c:739:13:MX_GPIO_Init	1
../Core/Src/main.c:809:6:Error_Handler	1
