../Core/Src/main.c:109:6:Motor_Adelante	24	static
../Core/Src/main.c:120:6:Motor_Atras	24	static
../Core/Src/main.c:131:6:Motor_Izquierda	24	static
../Core/Src/main.c:142:6:Motor_Derecha	24	static
../Core/Src/main.c:153:6:Motor_Stop	8	static
../Core/Src/main.c:163:6:Servo_SetAngulo	24	static
../Core/Src/main.c:170:10:Ultrasonido_GetDistancia	16	static
../Core/Src/main.c:199:6:ADC_LeerSensores	8	static
../Core/Src/main.c:213:9:IR_BordeDetectado	4	static
../Core/Src/main.c:222:6:BT_ProcesarComando	16	static
../Core/Src/main.c:254:6:LED_Set	16	static
../Core/Src/main.c:266:5:main	8	static
../Core/Src/main.c:361:6:SystemClock_Config	88	static
../Core/Src/main.c:408:13:MX_ADC1_Init	24	static
../Core/Src/main.c:463:13:MX_I2C1_Init	8	static
../Core/Src/main.c:497:13:MX_TIM1_Init	32	static
../Core/Src/main.c:543:13:MX_TIM2_Init	64	static
../Core/Src/main.c:610:13:MX_TIM3_Init	64	static
../Core/Src/main.c:673:13:MX_TIM4_Init	64	static
../Core/Src/main.c:737:13:MX_USART1_UART_Init	8	static
../Core/Src/main.c:770:13:MX_USART2_UART_Init	8	static
../Core/Src/main.c:803:13:MX_GPIO_Init	40	static
../Core/Src/main.c:873:6:Error_Handler	4	static,ignoring_inline_asm
