../Core/Src/main.c:109:6:Motor_Adelante	1
../Core/Src/main.c:120:6:Motor_Atras	1
../Core/Src/main.c:131:6:Motor_Izquierda	1
../Core/Src/main.c:142:6:Motor_Derecha	1
../Core/Src/main.c:153:6:Motor_Stop	1
../Core/Src/main.c:163:6:Servo_SetAngulo	2
../Core/Src/main.c:170:10:Ultrasonido_GetDistancia	7
../Core/Src/main.c:199:6:ADC_LeerSensores	3
../Core/Src/main.c:213:9:IR_BordeDetectado	3
../Core/Src/main.c:222:6:BT_ProcesarComando	7
../Core/Src/main.c:254:6:LED_Set	1
../Core/Src/main.c:266:5:main	5
../Core/Src/main.c:361:6:SystemClock_Config	4
../Core/Src/main.c:408:13:MX_ADC1_Init	4
../Core/Src/main.c:463:13:MX_I2C1_Init	2
../Core/Src/main.c:497:13:MX_TIM1_Init	4
../Core/Src/main.c:543:13:MX_TIM2_Init	8
../Core/Src/main.c:610:13:MX_TIM3_Init	7
../Core/Src/main.c:673:13:MX_TIM4_Init	7
../Core/Src/main.c:737:13:MX_USART1_UART_Init	2
../Core/Src/main.c:770:13:MX_USART2_UART_Init	2
../Core/Src/main.c:803:13:MX_GPIO_Init	1
../Core/Src/main.c:873:6:Error_Handler	1
