../Core/Src/main.c:106:6:Motor_Adelante	1
../Core/Src/main.c:117:6:Motor_Atras	1
../Core/Src/main.c:128:6:Motor_Izquierda	1
../Core/Src/main.c:139:6:Motor_Derecha	1
../Core/Src/main.c:150:6:Motor_Stop	1
../Core/Src/main.c:160:6:Servo_SetAngulo	2
../Core/Src/main.c:167:10:Ultrasonido_GetDistancia	7
../Core/Src/main.c:196:6:ADC_LeerSensores	3
../Core/Src/main.c:210:9:IR_BordeDetectado	3
../Core/Src/main.c:219:6:BT_ProcesarComando	7
../Core/Src/main.c:256:5:main	5
../Core/Src/main.c:340:6:SystemClock_Config	4
../Core/Src/main.c:387:13:MX_ADC1_Init	4
../Core/Src/main.c:442:13:MX_I2C1_Init	2
../Core/Src/main.c:476:13:MX_TIM1_Init	4
../Core/Src/main.c:522:13:MX_TIM2_Init	8
../Core/Src/main.c:589:13:MX_TIM3_Init	7
../Core/Src/main.c:652:13:MX_TIM4_Init	7
../Core/Src/main.c:716:13:MX_USART1_UART_Init	2
../Core/Src/main.c:749:13:MX_USART2_UART_Init	2
../Core/Src/main.c:782:13:MX_GPIO_Init	1
../Core/Src/main.c:852:6:Error_Handler	1
