../Core/Src/main.c:98:6:Motor_Adelante	1
../Core/Src/main.c:109:6:Motor_Atras	1
../Core/Src/main.c:120:6:Motor_Izquierda	1
../Core/Src/main.c:131:6:Motor_Derecha	1
../Core/Src/main.c:142:6:Motor_Stop	1
../Core/Src/main.c:152:6:Servo_SetAngulo	2
../Core/Src/main.c:164:5:main	1
../Core/Src/main.c:231:6:SystemClock_Config	4
../Core/Src/main.c:278:13:MX_ADC1_Init	4
../Core/Src/main.c:333:13:MX_I2C1_Init	2
../Core/Src/main.c:367:13:MX_TIM1_Init	4
../Core/Src/main.c:413:13:MX_TIM2_Init	8
../Core/Src/main.c:480:13:MX_TIM3_Init	7
../Core/Src/main.c:543:13:MX_TIM4_Init	7
../Core/Src/main.c:607:13:MX_USART1_UART_Init	2
../Core/Src/main.c:640:13:MX_USART2_UART_Init	2
../Core/Src/main.c:673:13:MX_GPIO_Init	1
../Core/Src/main.c:743:6:Error_Handler	1
