../Core/Src/main.c:98:6:Motor_Adelante	24	static
../Core/Src/main.c:109:6:Motor_Atras	24	static
../Core/Src/main.c:120:6:Motor_Izquierda	24	static
../Core/Src/main.c:131:6:Motor_Derecha	24	static
../Core/Src/main.c:142:6:Motor_Stop	8	static
../Core/Src/main.c:152:6:Servo_SetAngulo	24	static
../Core/Src/main.c:164:5:main	8	static
../Core/Src/main.c:231:6:SystemClock_Config	88	static
../Core/Src/main.c:278:13:MX_ADC1_Init	24	static
../Core/Src/main.c:333:13:MX_I2C1_Init	8	static
../Core/Src/main.c:367:13:MX_TIM1_Init	32	static
../Core/Src/main.c:413:13:MX_TIM2_Init	64	static
../Core/Src/main.c:480:13:MX_TIM3_Init	64	static
../Core/Src/main.c:543:13:MX_TIM4_Init	64	static
../Core/Src/main.c:607:13:MX_USART1_UART_Init	8	static
../Core/Src/main.c:640:13:MX_USART2_UART_Init	8	static
../Core/Src/main.c:673:13:MX_GPIO_Init	40	static
../Core/Src/main.c:743:6:Error_Handler	4	static,ignoring_inline_asm
